[2026-10-07 09:38:52] User registered: Devin
[2026-10-07 09:39:01] LIST command executed
[2026-10-07 09:39:52] User registered: Ransika
[2026-10-07 09:41:25] LIST command executed
[2026-10-07 09:41:35] LIST command executed
[2026-10-07 09:43:16] User registered: Devin
[2026-10-07 10:22:02] User registered: Devin
[2026-10-07 10:22:17] User registered: Amal
[2026-10-07 10:22:38] User registered: Devin
[2026-10-07 10:23:16] LIST command executed
[2026-10-07 10:23:25] LIST command executed
[2026-10-07 10:23:33] LIST command executed
[2026-10-07 10:24:49] User disconnected: Devin
[2026-10-07 10:53:49] User registered: Devin
[2026-10-07 10:54:01] User registered: Ransika
[2026-10-07 11:13:28] User registered: Devin
[2026-10-07 11:13:37] User registered: Ransika
[2026-10-07 11:14:55] Broadcast from Devin: Hello Ransika
[2026-10-07 11:17:13] Broadcast from Ransika: Hello Devin!
[2026-10-07 11:19:09] User disconnected: Devin
[2026-10-07 13:05:05] User registered: Devin
[2026-10-07 13:05:31] User registered: Ransika
[2026-10-07 13:06:05] Private message: Devin -> Ransika: Hello Ransika!
[2026-10-07 13:07:22] User registered: Amal
[2026-10-07 13:07:46] Private message: Ransika -> Devin: Hello Devin!
[2026-10-07 13:08:38] Private message failed: Devin -> nobody
